<html>
<body>
<pre>
<h1>µVision Build Log</h1>
<h2>Project:</h2>
D:\Work Station\InterpreterForK0T\USART_test\USART.uvproj
Project File Date:  08/19/2011

<h2>Output:</h2>
Build target 'InterpreterForK0T'
creating preprocessor file for rs274ngc_pre.c...
compiling rs274ngc_pre.c...
rs274ngc_pre.c(9656): warning:  #186-D: pointless comparison of unsigned integer with zero
rs274ngc_pre.c(12135): warning:  #181-D: argument is incompatible with corresponding format string conversion
linking...
Program Size: Code=92060 RO-data=12588 RW-data=2336 ZI-data=56304  
FromELF: creating hex file...
".\obj\USART.axf" - 0 Error(s), 2 Warning(s).
Build target 'InterpreterForK0T'
assembling STM32F10x.s...
creating preprocessor file for main.c...
compiling main.c...
creating preprocessor file for stm32f10x_it.c...
compiling stm32f10x_it.c...
creating preprocessor file for canon_pre.c...
compiling canon_pre.c...
creating preprocessor file for rs274ngc_pre.c...
compiling rs274ngc_pre.c...
rs274ngc_pre.c(9656): warning:  #186-D: pointless comparison of unsigned integer with zero
rs274ngc_pre.c(12135): warning:  #181-D: argument is incompatible with corresponding format string conversion
linking...
Program Size: Code=92060 RO-data=12588 RW-data=2336 ZI-data=56304  
FromELF: creating hex file...
".\obj\InterpreterForK0T.axf" - 0 Error(s), 2 Warning(s).
Build target 'InterpreterForK0T'
creating preprocessor file for main.c...
compiling main.c...
creating preprocessor file for rs274ngc_pre.c...
compiling rs274ngc_pre.c...
rs274ngc_pre.c(9664): warning:  #186-D: pointless comparison of unsigned integer with zero
rs274ngc_pre.c(12143): warning:  #181-D: argument is incompatible with corresponding format string conversion
linking...
Program Size: Code=92132 RO-data=12588 RW-data=2336 ZI-data=56304  
FromELF: creating hex file...
".\obj\InterpreterForK0T.axf" - 0 Error(s), 2 Warning(s).
Build target 'InterpreterForK0T'
creating preprocessor file for main.c...
compiling main.c...
creating preprocessor file for rs274ngc_pre.c...
compiling rs274ngc_pre.c...
rs274ngc_pre.c(9664): warning:  #186-D: pointless comparison of unsigned integer with zero
rs274ngc_pre.c(12143): warning:  #181-D: argument is incompatible with corresponding format string conversion
linking...
Program Size: Code=92132 RO-data=12588 RW-data=2336 ZI-data=56304  
FromELF: creating hex file...
".\obj\InterpreterForK0T.axf" - 0 Error(s), 2 Warning(s).
Build target 'InterpreterForK0T'
creating preprocessor file for main.c...
compiling main.c...
creating preprocessor file for rs274ngc_pre.c...
compiling rs274ngc_pre.c...
rs274ngc_pre.c(9664): warning:  #186-D: pointless comparison of unsigned integer with zero
rs274ngc_pre.c(12143): warning:  #181-D: argument is incompatible with corresponding format string conversion
linking...
Program Size: Code=92132 RO-data=12588 RW-data=2344 ZI-data=56304  
FromELF: creating hex file...
".\obj\InterpreterForK0T.axf" - 0 Error(s), 2 Warning(s).
Load "D:\\Work Station\\InterpreterForK0T\\USART_test\\obj\\InterpreterForK0T.AXF" 
